src/app/components/AdminDashboard.tsx(28,47): error TS2322: Type 'Promise<typeof import("C:/Users/Alan/Desktop/Projetos/FC Pisos/App - GD/diario_fc_pisos_v1/src/app/components/ProductionMonitorDashboard")>' is not assignable to type 'Promise<{ default: ComponentType<any>; }>'.
  Property 'default' is missing in type 'typeof import("C:/Users/Alan/Desktop/Projetos/FC Pisos/App - GD/diario_fc_pisos_v1/src/app/components/ProductionMonitorDashboard")' but required in type '{ default: ComponentType<any>; }'.
src/app/components/ErrorBoundary.tsx(128,15): error TS2339: Property 'displayName' does not exist on type 'typeof ErrorBoundary'.
src/app/components/form-sections/CondicoesTrabalhoSection.tsx(2,10): error TS2305: Module '"../../types"' has no exported member 'DiarioData'.
src/app/components/form-sections/EtapasExecucaoSection.tsx(2,10): error TS2305: Module '"../../types"' has no exported member 'DiarioData'.
src/app/components/form-sections/EtapasExecucaoSection.tsx(2,22): error TS2305: Module '"../../types"' has no exported member 'EtapasExecucao'.
src/app/components/form-sections/RegistrosSection.tsx(298,38): error TS2339: Property 'espessura' does not exist on type 'CondicionalItem'.
src/app/components/form-sections/RegistrosSection.tsx(302,51): error TS2353: Object literal may only specify known properties, and 'espessura' does not exist in type 'Partial<CondicionalItem>'.
src/app/components/form-sections/RegistrosSection.tsx(304,51): error TS2353: Object literal may only specify known properties, and 'espessura' does not exist in type 'Partial<CondicionalItem>'.
src/app/components/form-sections/RegistrosSubstratoSection.tsx(2,10): error TS2305: Module '"../../types"' has no exported member 'DiarioData'.
src/app/components/form-sections/RegistrosSubstratoSection.tsx(2,22): error TS2305: Module '"../../types"' has no exported member 'RegistrosSubstrato'.
src/app/components/form-sections/ServicosSection.tsx(476,45): error TS2345: Argument of type '"servico1" | "servico2" | "servico3"' is not assignable to parameter of type '"servico2" | "servico3"'.
  Type '"servico1"' is not assignable to type '"servico2" | "servico3"'. Did you mean '"servico2"'?
src/app/components/form-sections/ServicosSection.tsx(632,26): error TS2339: Property 'isDropdown' does not exist on type '{ label: string; unit: string; isMultiSelect?: undefined; options?: undefined; isDualField?: undefined; units?: undefined; } | { label: string; unit: string; isMultiSelect: boolean; options: string; isDualField?: undefined; units?: undefined; } | { ...; }'.
  Property 'isDropdown' does not exist on type '{ label: string; unit: string; isMultiSelect?: undefined; options?: undefined; isDualField?: undefined; units?: undefined; }'.
src/app/components/FormularioPage.tsx(613,13): error TS2322: Type '{ data: FormData; onChange: (updates: Partial<FormData>) => void; isReadOnly: boolean; onBlur: () => void; }' is not assignable to type 'IntrinsicAttributes & Props'.
  Property 'onBlur' does not exist on type 'IntrinsicAttributes & Props'.
src/app/components/FormularioPage.tsx(630,13): error TS2322: Type '{ data: FormData; onChange: (updates: Partial<FormData>) => void; isReadOnly: boolean; onBlur: () => void; }' is not assignable to type 'IntrinsicAttributes & Props'.
  Property 'onBlur' does not exist on type 'IntrinsicAttributes & Props'.
src/app/components/FormularioPage.tsx(638,13): error TS2322: Type '{ data: FormData; onChange: (updates: Partial<FormData>) => void; isReadOnly: boolean; activeServico: "servico1" | "servico2" | "servico3"; onBlur: () => void; }' is not assignable to type 'IntrinsicAttributes & Props'.
  Property 'onBlur' does not exist on type 'IntrinsicAttributes & Props'.
src/app/components/FormularioPage.tsx(645,13): error TS2322: Type '{ data: FormData; onChange: (updates: Partial<FormData>) => void; isReadOnly: boolean; onBlur: () => void; }' is not assignable to type 'IntrinsicAttributes & Props'.
  Property 'onBlur' does not exist on type 'IntrinsicAttributes & Props'.
src/app/components/ui/accordion.tsx(4,37): error TS2307: Cannot find module '@radix-ui/react-accordion' or its corresponding type declarations.
src/app/components/ui/alert-dialog.tsx(4,39): error TS2307: Cannot find module '@radix-ui/react-alert-dialog' or its corresponding type declarations.
src/app/components/ui/aspect-ratio.tsx(3,39): error TS2307: Cannot find module '@radix-ui/react-aspect-ratio' or its corresponding type declarations.
src/app/components/ui/avatar.tsx(4,34): error TS2307: Cannot find module '@radix-ui/react-avatar' or its corresponding type declarations.
src/app/components/ui/calendar.tsx(5,27): error TS2307: Cannot find module 'react-day-picker' or its corresponding type declarations.
src/app/components/ui/carousel.tsx(6,8): error TS2307: Cannot find module 'embla-carousel-react' or its corresponding type declarations.
src/app/components/ui/chart.tsx(109,3): error TS2339: Property 'payload' does not exist on type 'Omit<Props<ValueType, NameType>, PropertiesReadFromContext> & { active?: boolean; allowEscapeViewBox?: AllowInDimension; ... 24 more ...; wrapperStyle?: CSSProperties; } & ClassAttributes<...> & HTMLAttributes<...> & { ...; }'.
src/app/components/ui/chart.tsx(114,3): error TS2339: Property 'label' does not exist on type 'Omit<Props<ValueType, NameType>, PropertiesReadFromContext> & { active?: boolean; allowEscapeViewBox?: AllowInDimension; ... 24 more ...; wrapperStyle?: CSSProperties; } & ClassAttributes<...> & HTMLAttributes<...> & { ...; }'.
src/app/components/ui/chart.tsx(260,39): error TS2344: Type '"verticalAlign" | "payload"' does not satisfy the constraint '"string" | "method" | "key" | "mode" | "filter" | "fill" | "values" | "children" | "id" | "className" | "suppressHydrationWarning" | "color" | "height" | "lang" | "max" | "media" | ... 422 more ... | "portal"'.
  Type '"payload"' is not assignable to type '"string" | "method" | "key" | "mode" | "filter" | "fill" | "values" | "children" | "id" | "className" | "suppressHydrationWarning" | "color" | "height" | "lang" | "max" | "media" | ... 422 more ... | "portal"'.
src/app/components/ui/chart.tsx(266,17): error TS2339: Property 'length' does not exist on type 'unknown'.
src/app/components/ui/chart.tsx(278,16): error TS2339: Property 'map' does not exist on type 'unknown'.
src/app/components/ui/checkbox.tsx(4,36): error TS2307: Cannot find module '@radix-ui/react-checkbox' or its corresponding type declarations.
src/app/components/ui/collapsible.tsx(3,39): error TS2307: Cannot find module '@radix-ui/react-collapsible' or its corresponding type declarations.
src/app/components/ui/command.tsx(4,45): error TS2307: Cannot find module 'cmdk' or its corresponding type declarations.
src/app/components/ui/context-menu.tsx(4,39): error TS2307: Cannot find module '@radix-ui/react-context-menu' or its corresponding type declarations.
src/app/components/ui/dialog.tsx(4,34): error TS2307: Cannot find module '@radix-ui/react-dialog' or its corresponding type declarations.
src/app/components/ui/drawer.tsx(4,43): error TS2307: Cannot find module 'vaul' or its corresponding type declarations.
src/app/components/ui/dropdown-menu.tsx(4,40): error TS2307: Cannot find module '@radix-ui/react-dropdown-menu' or its corresponding type declarations.
src/app/components/ui/form.tsx(14,8): error TS2307: Cannot find module 'react-hook-form' or its corresponding type declarations.
src/app/components/ui/hover-card.tsx(4,37): error TS2307: Cannot find module '@radix-ui/react-hover-card' or its corresponding type declarations.
src/app/components/ui/input-otp.tsx(4,43): error TS2307: Cannot find module 'input-otp' or its corresponding type declarations.
src/app/components/ui/input-otp.tsx(47,61): error TS2339: Property 'slots' does not exist on type 'unknown'.
src/app/components/ui/menubar.tsx(4,35): error TS2307: Cannot find module '@radix-ui/react-menubar' or its corresponding type declarations.
src/app/components/ui/navigation-menu.tsx(2,42): error TS2307: Cannot find module '@radix-ui/react-navigation-menu' or its corresponding type declarations.
src/app/components/ui/popover.tsx(4,35): error TS2307: Cannot find module '@radix-ui/react-popover' or its corresponding type declarations.
src/app/components/ui/progress.tsx(4,36): error TS2307: Cannot find module '@radix-ui/react-progress' or its corresponding type declarations.
src/app/components/ui/radio-group.tsx(4,38): error TS2307: Cannot find module '@radix-ui/react-radio-group' or its corresponding type declarations.
src/app/components/ui/resizable.tsx(5,37): error TS2307: Cannot find module 'react-resizable-panels' or its corresponding type declarations.
src/app/components/ui/scroll-area.tsx(4,38): error TS2307: Cannot find module '@radix-ui/react-scroll-area' or its corresponding type declarations.
src/app/components/ui/select.tsx(4,34): error TS2307: Cannot find module '@radix-ui/react-select' or its corresponding type declarations.
src/app/components/ui/separator.tsx(4,37): error TS2307: Cannot find module '@radix-ui/react-separator' or its corresponding type declarations.
src/app/components/ui/sheet.tsx(4,33): error TS2307: Cannot find module '@radix-ui/react-dialog' or its corresponding type declarations.
src/app/components/ui/slider.tsx(4,34): error TS2307: Cannot find module '@radix-ui/react-slider' or its corresponding type declarations.
src/app/components/ui/tabs.tsx(4,32): error TS2307: Cannot find module '@radix-ui/react-tabs' or its corresponding type declarations.
src/app/components/ui/toggle-group.tsx(4,39): error TS2307: Cannot find module '@radix-ui/react-toggle-group' or its corresponding type declarations.
src/app/components/ui/toggle.tsx(4,34): error TS2307: Cannot find module '@radix-ui/react-toggle' or its corresponding type declarations.
src/app/components/ui/tooltip.tsx(4,35): error TS2307: Cannot find module '@radix-ui/react-tooltip' or its corresponding type declarations.
src/app/utils/excelGenerator.ts(127,32): error TS2339: Property 'horario' does not exist on type 'ServicoData'.
src/app/utils/excelGenerator.ts(136,28): error TS2339: Property 'horario' does not exist on type 'ServicoData'.
src/app/utils/excelGenerator.ts(149,17): error TS2339: Property 'isDropdown' does not exist on type '{ label: string; unit: string; isMultiSelect?: undefined; isDualField?: undefined; units?: undefined; } | { label: string; unit: string; isMultiSelect: boolean; isDualField?: undefined; units?: undefined; } | { ...; }'.
  Property 'isDropdown' does not exist on type '{ label: string; unit: string; isMultiSelect?: undefined; isDualField?: undefined; units?: undefined; }'.
